                    入口
                     ｜   
                     ｜
                     ｜
  1-－危崖前－-－ 小路－－－山中小路－－－平原路－－－海边路－－－海边路   
                                 ｜                                    ｜
                                 ｜                                    ｜
                                 ２                                   海边



                 桥上---谷中                           山隙中-----１
                ／       ｜                             ／
              ／         ｜                           ／
            精舍前      山谷中－－－洞口－－－－－山隙中
            ／
          ／
       小径
        ｜
        ３

          茅屋内－－－茅屋外
            ｜          ｜
            ｜          ｜
          茅屋内      山 坳
            ｜          ｜
            ｜          ｜
          地  道－－－山中小路－－－－－２


          ３
          ｜
          ｜
         大堂
          ｜
          ｜
        藏宝室
            \
              \
              雅室


                     常春岛图：

                                                    观月台 
                                                      ／
                                                    ／
                                                 长 阶
                                                 ／
                                               ／
                                            平 台
                留云馆                        ｜
                  ｜                          ｜                                                                                
                  ｜                        小  路
                  ｜                          ｜                         
                  ｜                          ｜  
               渡   口－－－－小  路－－－－小  路   
                  ｜
                  ｜
                  ｜
   礁 石－－－－礁  石


