                               京师地图

                                北驿道
                                   |
                                 北驿道
                                   |
                                 北驿道
                                   |
                               京师北门
                                   |
  驿站                          大栅栏   旺金钱庄  京师武器店
  |(out)                           |         |         |
京师西一门--京师街道--京师街道--十字路口--京师街道--京师街道--京师东一门
                                   |
                     废园        祭坛    振远镖局总局
                      |            |           |
       四喜绸缎庄--京师西街-----神武门------京师东街
                      |                        |
         太白酒楼--京师西街                 京师东街     
                      |                        |
       相国府大门--京师西街-----午门--------京师东街-----尚书府大门
                                  |
 驿站                           校武场   李记鞋店
  |(out)                          |         |
京师西二门--京师街道--京师街道---天桥----京师街道---京师街道--京师东二门
                                   |         |
                                京师街道   空房间
                                   |
                                京师南门  
				   |
				可至山海关、保定（往南方去）	
solor(98.2.19)
