                       <  乔阴县地图 >
                山脚小路---柳林
                            |
 角楼..................乔阴县北门----游侠同盟总堂....角楼
   .                     (城楼)                      .
   .                        |                        .
   .                     福林大街                    .
   .                        |                        .
   .                     福林大街                    .          云梦泽
   .                        |                        .            /
   .          石板空地---福林大街                    .        荒野小径
   .              |         |                        .           |
 西城门-西大街--西大街---树王坟---东大街---东大街-东城门--------土路
   .                        |                        .           |
   .                    福林大街                     .        青石小路
   .                        |                        .           /
   .                    福林大街--福林酒楼           .        青石小路
   .                        |                        .           |
   .  昌平街-十字路-承安街-广场  曲桥-曲桥           .草堂-竹林-青石峪
   .              |    |  /  |    |    |             .           |
   .              |  将军庙 曲桥-曲桥 曲桥-曼雩台    .         桐柏山
 角楼..........南城门..............................角楼
                  |
                土路
                  |
               砾石路
                  |
                绝壁   
solor (98.2.19) 
