少林寺地图：                       ===(可至达摩洞)
                                  竹林
                                  /
    竹林  ===    和尚院         千佛殿         和尚院==竹林
藏   |             |              |              |      |
经==竹林  ===   和尚院   地藏殿＝广场＝白衣殿  和尚院==竹林
楼   |             |              |              |
    竹林  ===   和尚院 ======== 武场 ＝＝＝＝=和尚院==竹林
     |             |              |              |      |
    走廊  = = =   走廊 ======== 方丈楼===========走廊===走廊
     ||             |              |                     ||
   般若堂5 ==    武场1 ========= 练武场==========武场====罗汉堂(5)
     ||             |              |                     ||
    走廊   = =   走廊 =========== 后殿========== 走廊===走廊
                                   |
                                 精进场  戒律院
                                   |    /nu          
   般若堂5 ==    武场1 ========= 练武场==========武场====罗汉堂(5)
     ||             |              |                     ||
    走廊   = =   走廊 =========== 后殿========== 走廊===走廊
                                   |
                                 精进场  戒律院
                                   |    /nu
                           后厅＝ 勤修场
                                   |    大雄宝殿
                                   |  /nu
                           鼓楼＝ 广场＝鼓楼
                                   |
                          西侧殿＝天王殿＝东侧殿
                                   |
                          西碑林＝台阶＝东碑林
                                   |
                          西侧殿 ＝山门殿＝东侧殿
                                   |
                         松林 ==  大门 ==  松林 ======(可至金刚伏魔圈)  
solor (98.2.23)
