                            水烟阁地图

    葬剑亭--白石阶梯   柴房--仆役卧室        厨房
               /         |                     |
       白石阶梯    (1)西侧厅      正厅      东侧厅(2)
           |             |          |          |
       白石阶梯      西侧花厅--水烟阁正门--东侧花厅
           |             |          |          |
       白石阶梯      西侧花厅--水烟阁正门--东侧花厅
        /                           |
    山坡小径------山坡小径------水烟阁前
                                    |
                                白石阶梯--水烟阁半山亭
                                                |
                                            白石阶梯
                                                |
     西侧厅--聆啸厅--东侧厅                 白石阶梯
        |               |                       |   
        |down           |d        白石阶梯--白石阶梯
       (1)             (2)              |
                                  白石阶梯
                                      |
                                    官道--官道
                                              \
                                              青石官道
                                                 |
                                              青石官道
                                                 |
                                              青石官道-->雪亭镇       
solor(98.2.19)
