                苏州地图
                                          |up
                                        北城门
                                          |
                                如意茶馆= 北 =苏州驿站
                                          |
                        小巷子  八仙酒楼= 北 =武穆祠
                          |        |      |
        水井 (威远镖局) 小巷子     |      |   钱庄  衙门大门     UP
 大 西    |        |      |        |      |     |      |         |    大
=驿=城=西大街 ==  西 ==== 西 ==== 西 == 市中心=东== 东大街 ====东城门=驿 =
 道 门   |        |       |        |      |    |       |              道
       杂货铺   小吃店   书局  (左家大门) |   当铺 兵营大门
                                红娘庄 =南大街=(客栈)  |
                                          |   小店   营帐
                                          |     |
                           (苏州园林) == 南 ==小巷子
                                          |
                                        南城门               
                                          \\
                                           至嘉兴、杭州、泉州 

solor (98.2.23)
